[0.000000] (-) TimerEvent: {}
[0.000576] (small_robot_description) JobQueued: {'identifier': 'small_robot_description', 'dependencies': OrderedDict()}
[0.001580] (small_robot_description) JobStarted: {'identifier': 'small_robot_description'}
[0.013754] (small_robot_description) JobProgress: {'identifier': 'small_robot_description', 'progress': 'cmake'}
[0.016048] (small_robot_description) Command: {'cmd': ['/usr/bin/cmake', '/home/skippy/ROV - HiL-and-SiL/ros2_ws/src/small_robot_description', '-DCMAKE_INSTALL_PREFIX=/home/skippy/ROV - HiL-and-SiL/ros2_ws/src/install/small_robot_description'], 'cwd': '/home/skippy/ROV - HiL-and-SiL/ros2_ws/src/build/small_robot_description', 'env': OrderedDict({'USER': 'skippy', 'LANGUAGE': 'en_GB:en', 'LC_TIME': 'en_US.UTF-8', 'SSH_CLIENT': 'fe80::a483:e7ff:fea3:6565%ens33 59365 22', 'GZ_SIM_RESOURCE_PATH': '/opt/ros/jazzy/share', 'GZ_CONFIG_PATH': '/opt/ros/jazzy/opt/gz_sim_vendor/share/gz:/opt/ros/jazzy/opt/sdformat_vendor/share/gz:/opt/ros/jazzy/opt/gz_gui_vendor/share/gz:/opt/ros/jazzy/opt/gz_transport_vendor/share/gz:/opt/ros/jazzy/opt/gz_rendering_vendor/share/gz:/opt/ros/jazzy/opt/gz_plugin_vendor/share/gz:/opt/ros/jazzy/opt/gz_fuel_tools_vendor/share/gz:/opt/ros/jazzy/opt/gz_msgs_vendor/share/gz:/opt/ros/jazzy/opt/gz_common_vendor/share/gz', 'XDG_SESSION_TYPE': 'tty', 'SHLVL': '1', 'LD_LIBRARY_PATH': '/opt/ros/jazzy/opt/gz_sim_vendor/lib:/opt/ros/jazzy/opt/gz_sensors_vendor/lib:/opt/ros/jazzy/opt/gz_physics_vendor/lib:/opt/ros/jazzy/opt/sdformat_vendor/lib:/opt/ros/jazzy/opt/rviz_ogre_vendor/lib:/opt/ros/jazzy/lib/x86_64-linux-gnu:/opt/ros/jazzy/opt/gz_gui_vendor/lib:/opt/ros/jazzy/opt/gz_transport_vendor/lib:/opt/ros/jazzy/opt/gz_rendering_vendor/lib:/opt/ros/jazzy/opt/gz_plugin_vendor/lib:/opt/ros/jazzy/opt/gz_fuel_tools_vendor/lib:/opt/ros/jazzy/opt/gz_msgs_vendor/lib:/opt/ros/jazzy/opt/gz_common_vendor/lib:/opt/ros/jazzy/opt/gz_math_vendor/lib:/opt/ros/jazzy/opt/gz_utils_vendor/lib:/opt/ros/jazzy/opt/gz_tools_vendor/lib:/opt/ros/jazzy/opt/gz_ogre_next_vendor/lib:/opt/ros/jazzy/opt/gz_dartsim_vendor/lib:/opt/ros/jazzy/opt/gz_cmake_vendor/lib:/opt/ros/jazzy/lib', 'HOME': '/home/skippy', 'OLDPWD': '/home/skippy/ROV - HiL-and-SiL/ros2_ws/src/small_robot_description', 'LESS': '-R', 'SSH_TTY': '/dev/pts/2', 'ZSH': '/home/skippy/.oh-my-zsh', 'LSCOLORS': 'Gxfxcxdxbxegedabagacad', 'PAGER': 'less', 'ROS_PYTHON_VERSION': '3', 'LC_MONETARY': 'en_US.UTF-8', 'DBUS_SESSION_BUS_ADDRESS': 'unix:path=/run/user/1000/bus', 'LC_TERMINAL_VERSION': '3.6.11', 'ROS_DISTRO': 'jazzy', 'LOGNAME': 'skippy', '_': '/usr/bin/colcon', 'XDG_SESSION_CLASS': 'user', 'ROS_VERSION': '2', 'TERM': 'xterm-256color', 'XDG_SESSION_ID': '29', 'PATH': '/opt/ros/jazzy/opt/gz_msgs_vendor/bin:/opt/ros/jazzy/opt/gz_tools_vendor/bin:/opt/ros/jazzy/opt/gz_ogre_next_vendor/bin:/opt/ros/jazzy/bin:/usr/local/sbin:/usr/local/bin:/usr/sbin:/usr/bin:/sbin:/bin:/usr/games:/usr/local/games:/snap/bin', 'PAPERSIZE': 'letter', 'XDG_RUNTIME_DIR': '/run/user/1000', 'LC_ADDRESS': 'en_US.UTF-8', 'LANG': 'en_GB.UTF-8', 'LC_TELEPHONE': 'en_US.UTF-8', 'LS_COLORS': 'no=00:fi=00:di=01;34:ln=00;36:pi=40;33:so=01;35:do=01;35:bd=40;33;01:cd=40;33;01:or=41;33;01:ex=00;32:*.cmd=00;32:*.exe=01;32:*.com=01;32:*.bat=01;32:*.btm=01;32:*.dll=01;32:*.tar=00;31:*.tbz=00;31:*.tgz=00;31:*.rpm=00;31:*.deb=00;31:*.arj=00;31:*.taz=00;31:*.lzh=00;31:*.lzma=00;31:*.zip=00;31:*.zoo=00;31:*.z=00;31:*.Z=00;31:*.gz=00;31:*.bz2=00;31:*.tb2=00;31:*.tz2=00;31:*.tbz2=00;31:*.avi=01;35:*.bmp=01;35:*.fli=01;35:*.gif=01;35:*.jpg=01;35:*.jpeg=01;35:*.mng=01;35:*.mov=01;35:*.mpg=01;35:*.pcx=01;35:*.pbm=01;35:*.pgm=01;35:*.png=01;35:*.ppm=01;35:*.tga=01;35:*.tif=01;35:*.xbm=01;35:*.xpm=01;35:*.dl=01;35:*.gl=01;35:*.wmv=01;35:*.aiff=00;32:*.au=00;32:*.mid=00;32:*.mp3=00;32:*.ogg=00;32:*.voc=00;32:*.wav=00;32:', 'AMENT_PREFIX_PATH': '/opt/ros/jazzy', 'SHELL': '/usr/bin/zsh', 'LC_NAME': 'en_US.UTF-8', 'LC_TERMINAL': 'iTerm2', 'LC_MEASUREMENT': 'en_US.UTF-8', 'LC_IDENTIFICATION': 'en_US.UTF-8', 'ROS_AUTOMATIC_DISCOVERY_RANGE': 'SUBNET', 'PWD': '/home/skippy/ROV - HiL-and-SiL/ros2_ws/src/build/small_robot_description', 'SSH_CONNECTION': 'fe80::a483:e7ff:fea3:6565%ens33 59365 fe80::20c:29ff:feac:4b1e%ens33 22', 'LC_NUMERIC': 'en_US.UTF-8', 'PYTHONPATH': '/opt/ros/jazzy/lib/python3.12/site-packages', 'LC_PAPER': 'en_US.UTF-8', 'COLCON': '1', 'CMAKE_PREFIX_PATH': '/opt/ros/jazzy/opt/gz_sim_vendor:/opt/ros/jazzy/opt/gz_sensors_vendor:/opt/ros/jazzy/opt/gz_physics_vendor:/opt/ros/jazzy/opt/sdformat_vendor:/opt/ros/jazzy/opt/gz_gui_vendor:/opt/ros/jazzy/opt/gz_transport_vendor:/opt/ros/jazzy/opt/gz_rendering_vendor:/opt/ros/jazzy/opt/gz_plugin_vendor:/opt/ros/jazzy/opt/gz_fuel_tools_vendor:/opt/ros/jazzy/opt/gz_msgs_vendor:/opt/ros/jazzy/opt/gz_common_vendor:/opt/ros/jazzy/opt/gz_math_vendor:/opt/ros/jazzy/opt/gz_utils_vendor:/opt/ros/jazzy/opt/gz_tools_vendor:/opt/ros/jazzy/opt/gz_ogre_next_vendor:/opt/ros/jazzy/opt/gz_dartsim_vendor:/opt/ros/jazzy/opt/gz_cmake_vendor:/opt/ros/jazzy'}), 'shell': False}
[0.099674] (-) TimerEvent: {}
[0.129774] (small_robot_description) StdoutLine: {'line': b'-- The C compiler identification is GNU 13.3.0\n'}
[0.199974] (-) TimerEvent: {}
[0.246302] (small_robot_description) StdoutLine: {'line': b'-- The CXX compiler identification is GNU 13.3.0\n'}
[0.285179] (small_robot_description) StdoutLine: {'line': b'-- Detecting C compiler ABI info\n'}
[0.300212] (-) TimerEvent: {}
[0.401019] (-) TimerEvent: {}
[0.470136] (small_robot_description) StdoutLine: {'line': b'-- Detecting C compiler ABI info - done\n'}
[0.485963] (small_robot_description) StdoutLine: {'line': b'-- Check for working C compiler: /usr/bin/cc - skipped\n'}
[0.486355] (small_robot_description) StdoutLine: {'line': b'-- Detecting C compile features\n'}
[0.487031] (small_robot_description) StdoutLine: {'line': b'-- Detecting C compile features - done\n'}
[0.501235] (-) TimerEvent: {}
[0.506478] (small_robot_description) StdoutLine: {'line': b'-- Detecting CXX compiler ABI info\n'}
[0.601468] (-) TimerEvent: {}
[0.702480] (-) TimerEvent: {}
[0.710709] (small_robot_description) StdoutLine: {'line': b'-- Detecting CXX compiler ABI info - done\n'}
[0.731211] (small_robot_description) StdoutLine: {'line': b'-- Check for working CXX compiler: /usr/bin/c++ - skipped\n'}
[0.732851] (small_robot_description) StdoutLine: {'line': b'-- Detecting CXX compile features\n'}
[0.735199] (small_robot_description) StdoutLine: {'line': b'-- Detecting CXX compile features - done\n'}
[0.744703] (small_robot_description) StdoutLine: {'line': b'-- Found ament_cmake: 2.5.6 (/opt/ros/jazzy/share/ament_cmake/cmake)\n'}
[0.802923] (-) TimerEvent: {}
[0.904195] (-) TimerEvent: {}
[1.004858] (-) TimerEvent: {}
[1.070412] (small_robot_description) StdoutLine: {'line': b'-- Found Python3: /usr/bin/python3 (found version "3.12.3") found components: Interpreter \n'}
[1.105091] (-) TimerEvent: {}
[1.205598] (-) TimerEvent: {}
[1.284546] (small_robot_description) StdoutLine: {'line': b'-- Found robot_state_publisher: 3.3.4 (/opt/ros/jazzy/share/robot_state_publisher/cmake)\n'}
[1.305918] (-) TimerEvent: {}
[1.372780] (small_robot_description) StdoutLine: {'line': b'-- Found rosidl_generator_c: 4.6.9 (/opt/ros/jazzy/share/rosidl_generator_c/cmake)\n'}
[1.402033] (small_robot_description) StdoutLine: {'line': b'-- Found rosidl_generator_cpp: 4.6.9 (/opt/ros/jazzy/share/rosidl_generator_cpp/cmake)\n'}
[1.406063] (-) TimerEvent: {}
[1.435906] (small_robot_description) StdoutLine: {'line': b'-- Using all available rosidl_typesupport_c: rosidl_typesupport_fastrtps_c;rosidl_typesupport_introspection_c\n'}
[1.474170] (small_robot_description) StdoutLine: {'line': b'-- Using all available rosidl_typesupport_cpp: rosidl_typesupport_fastrtps_cpp;rosidl_typesupport_introspection_cpp\n'}
[1.506371] (-) TimerEvent: {}
[1.606927] (-) TimerEvent: {}
[1.661979] (small_robot_description) StdoutLine: {'line': b'-- Found rmw_implementation_cmake: 7.3.3 (/opt/ros/jazzy/share/rmw_implementation_cmake/cmake)\n'}
[1.669070] (small_robot_description) StdoutLine: {'line': b'-- Found rmw_fastrtps_cpp: 8.4.4 (/opt/ros/jazzy/share/rmw_fastrtps_cpp/cmake)\n'}
[1.707210] (-) TimerEvent: {}
[1.807720] (-) TimerEvent: {}
[1.836191] (small_robot_description) StdoutLine: {'line': b'-- Found OpenSSL: /usr/lib/x86_64-linux-gnu/libcrypto.so (found version "3.0.13")  \n'}
[1.869527] (small_robot_description) StdoutLine: {'line': b'-- Found FastRTPS: /opt/ros/jazzy/include (Required is at least version "2.13") \n'}
[1.908047] (-) TimerEvent: {}
[1.909517] (small_robot_description) StdoutLine: {'line': b"-- Using RMW implementation 'rmw_fastrtps_cpp' as default\n"}
[2.008348] (-) TimerEvent: {}
[2.108983] (-) TimerEvent: {}
[2.209558] (-) TimerEvent: {}
[2.310107] (-) TimerEvent: {}
[2.410778] (-) TimerEvent: {}
[2.486859] (small_robot_description) StdoutLine: {'line': b'-- Found xacro: 2.1.1 (/opt/ros/jazzy/share/xacro/cmake)\n'}
[2.504834] (small_robot_description) StderrLine: {'line': b'\x1b[31mCMake Error at CMakeLists.txt:12 (find_package):\n'}
[2.505195] (small_robot_description) StderrLine: {'line': b'  By not providing "Findament_index_python.cmake" in CMAKE_MODULE_PATH this\n'}
[2.505332] (small_robot_description) StderrLine: {'line': b'  project has asked CMake to find a package configuration file provided by\n'}
[2.505606] (small_robot_description) StderrLine: {'line': b'  "ament_index_python", but CMake did not find one.\n'}
[2.505718] (small_robot_description) StderrLine: {'line': b'\n'}
[2.505816] (small_robot_description) StderrLine: {'line': b'  Could not find a package configuration file provided by\n'}
[2.506000] (small_robot_description) StderrLine: {'line': b'  "ament_index_python" with any of the following names:\n'}
[2.506108] (small_robot_description) StderrLine: {'line': b'\n'}
[2.506201] (small_robot_description) StderrLine: {'line': b'    ament_index_pythonConfig.cmake\n'}
[2.506294] (small_robot_description) StderrLine: {'line': b'    ament_index_python-config.cmake\n'}
[2.506384] (small_robot_description) StderrLine: {'line': b'\n'}
[2.506474] (small_robot_description) StderrLine: {'line': b'  Add the installation prefix of "ament_index_python" to CMAKE_PREFIX_PATH or\n'}
[2.506566] (small_robot_description) StderrLine: {'line': b'  set "ament_index_python_DIR" to a directory containing one of the above\n'}
[2.506656] (small_robot_description) StderrLine: {'line': b'  files.  If "ament_index_python" provides a separate development package or\n'}
[2.506747] (small_robot_description) StderrLine: {'line': b'  SDK, be sure it has been installed.\n'}
[2.506837] (small_robot_description) StderrLine: {'line': b'\n'}
[2.506930] (small_robot_description) StderrLine: {'line': b'\x1b[0m\n'}
[2.507087] (small_robot_description) StdoutLine: {'line': b'-- Configuring incomplete, errors occurred!\n'}
[2.511047] (-) TimerEvent: {}
[2.524355] (small_robot_description) CommandEnded: {'returncode': 1}
[2.562730] (small_robot_description) JobEnded: {'identifier': 'small_robot_description', 'rc': 1}
[2.574197] (-) EventReactorShutdown: {}
