[0.156s] DEBUG:colcon:Command line arguments: ['/usr/bin/colcon', 'build', '--packages-select', 'small_robot']
[0.156s] DEBUG:colcon:Parsed command line arguments: Namespace(log_base=None, log_level=None, verb_name='build', build_base='build', install_base='install', merge_install=False, symlink_install=False, test_result_base=None, continue_on_error=False, executor='parallel', parallel_workers=4, event_handlers=None, ignore_user_meta=False, metas=['./colcon.meta'], base_paths=['.'], packages_ignore=None, packages_ignore_regex=None, paths=None, packages_up_to=None, packages_up_to_regex=None, packages_above=None, packages_above_and_dependencies=None, packages_above_depth=None, packages_select_by_dep=None, packages_skip_by_dep=None, packages_skip_up_to=None, packages_select_build_failed=False, packages_skip_build_finished=False, packages_select_test_failures=False, packages_skip_test_passed=False, packages_select=['small_robot'], packages_skip=None, packages_select_regex=None, packages_skip_regex=None, packages_start=None, packages_end=None, allow_overriding=[], cmake_args=None, cmake_target=None, cmake_target_skip_unavailable=False, cmake_clean_cache=False, cmake_clean_first=False, cmake_force_configure=False, ament_cmake_args=None, catkin_cmake_args=None, catkin_skip_building_tests=False, verb_parser=<colcon_defaults.argument_parser.defaults.DefaultArgumentsDecorator object at 0x7f6e0516eae0>, verb_extension=<colcon_core.verb.build.BuildVerb object at 0x7f6e05dc2240>, main=<bound method BuildVerb.main of <colcon_core.verb.build.BuildVerb object at 0x7f6e05dc2240>>)
[0.214s] Level 1:colcon.colcon_core.package_discovery:discover_packages(colcon_meta) check parameters
[0.214s] Level 1:colcon.colcon_core.package_discovery:discover_packages(recursive) check parameters
[0.215s] Level 1:colcon.colcon_core.package_discovery:discover_packages(ignore) check parameters
[0.215s] Level 1:colcon.colcon_core.package_discovery:discover_packages(path) check parameters
[0.215s] Level 1:colcon.colcon_core.package_discovery:discover_packages(colcon_meta) discover
[0.216s] Level 1:colcon.colcon_core.package_discovery:discover_packages(recursive) discover
[0.216s] INFO:colcon.colcon_core.package_discovery:Crawling recursively for packages in '/home/skippy/ROV - HiL-and-SiL/ros2_ws/src'
[0.217s] Level 1:colcon.colcon_core.package_identification:_identify(.) by extensions ['ignore', 'ignore_ament_install']
[0.217s] Level 1:colcon.colcon_core.package_identification:_identify(.) by extension 'ignore'
[0.217s] Level 1:colcon.colcon_core.package_identification:_identify(.) by extension 'ignore_ament_install'
[0.217s] Level 1:colcon.colcon_core.package_identification:_identify(.) by extensions ['colcon_pkg']
[0.217s] Level 1:colcon.colcon_core.package_identification:_identify(.) by extension 'colcon_pkg'
[0.217s] Level 1:colcon.colcon_core.package_identification:_identify(.) by extensions ['colcon_meta']
[0.217s] Level 1:colcon.colcon_core.package_identification:_identify(.) by extension 'colcon_meta'
[0.217s] Level 1:colcon.colcon_core.package_identification:_identify(.) by extensions ['ros']
[0.217s] Level 1:colcon.colcon_core.package_identification:_identify(.) by extension 'ros'
[0.255s] Level 1:colcon.colcon_core.package_identification:_identify(.) by extensions ['cmake', 'python']
[0.255s] Level 1:colcon.colcon_core.package_identification:_identify(.) by extension 'cmake'
[0.255s] Level 1:colcon.colcon_core.package_identification:_identify(.) by extension 'python'
[0.255s] Level 1:colcon.colcon_core.package_identification:_identify(.) by extensions ['python_setup_py']
[0.255s] Level 1:colcon.colcon_core.package_identification:_identify(.) by extension 'python_setup_py'
[0.255s] Level 1:colcon.colcon_core.package_identification:_identify(build) by extensions ['ignore', 'ignore_ament_install']
[0.255s] Level 1:colcon.colcon_core.package_identification:_identify(build) by extension 'ignore'
[0.255s] Level 1:colcon.colcon_core.package_identification:_identify(build) ignored
[0.255s] Level 1:colcon.colcon_core.package_identification:_identify(install) by extensions ['ignore', 'ignore_ament_install']
[0.256s] Level 1:colcon.colcon_core.package_identification:_identify(install) by extension 'ignore'
[0.256s] Level 1:colcon.colcon_core.package_identification:_identify(install) ignored
[0.256s] Level 1:colcon.colcon_core.package_identification:_identify(log) by extensions ['ignore', 'ignore_ament_install']
[0.256s] Level 1:colcon.colcon_core.package_identification:_identify(log) by extension 'ignore'
[0.256s] Level 1:colcon.colcon_core.package_identification:_identify(log) ignored
[0.256s] Level 1:colcon.colcon_core.package_identification:_identify(small_robot) by extensions ['ignore', 'ignore_ament_install']
[0.256s] Level 1:colcon.colcon_core.package_identification:_identify(small_robot) by extension 'ignore'
[0.256s] Level 1:colcon.colcon_core.package_identification:_identify(small_robot) by extension 'ignore_ament_install'
[0.256s] Level 1:colcon.colcon_core.package_identification:_identify(small_robot) by extensions ['colcon_pkg']
[0.256s] Level 1:colcon.colcon_core.package_identification:_identify(small_robot) by extension 'colcon_pkg'
[0.256s] Level 1:colcon.colcon_core.package_identification:_identify(small_robot) by extensions ['colcon_meta']
[0.256s] Level 1:colcon.colcon_core.package_identification:_identify(small_robot) by extension 'colcon_meta'
[0.257s] Level 1:colcon.colcon_core.package_identification:_identify(small_robot) by extensions ['ros']
[0.257s] Level 1:colcon.colcon_core.package_identification:_identify(small_robot) by extension 'ros'
[0.260s] DEBUG:colcon.colcon_core.package_identification:Package 'small_robot' with type 'ros.ament_cmake' and name 'small_robot'
[0.260s] Level 1:colcon.colcon_core.package_discovery:discover_packages(recursive) using defaults
[0.260s] Level 1:colcon.colcon_core.package_discovery:discover_packages(ignore) discover
[0.260s] Level 1:colcon.colcon_core.package_discovery:discover_packages(ignore) using defaults
[0.260s] Level 1:colcon.colcon_core.package_discovery:discover_packages(path) discover
[0.260s] Level 1:colcon.colcon_core.package_discovery:discover_packages(path) using defaults
[0.289s] Level 1:colcon.colcon_core.package_discovery:discover_packages(prefix_path) check parameters
[0.290s] Level 1:colcon.colcon_core.package_discovery:discover_packages(prefix_path) discover
[0.293s] DEBUG:colcon.colcon_installed_package_information.package_discovery:Found 319 installed packages in /opt/ros/jazzy
[0.294s] Level 1:colcon.colcon_core.package_discovery:discover_packages(prefix_path) using defaults
[0.365s] Level 5:colcon.colcon_core.verb:set package 'small_robot' build argument 'cmake_args' from command line to 'None'
[0.365s] Level 5:colcon.colcon_core.verb:set package 'small_robot' build argument 'cmake_target' from command line to 'None'
[0.365s] Level 5:colcon.colcon_core.verb:set package 'small_robot' build argument 'cmake_target_skip_unavailable' from command line to 'False'
[0.365s] Level 5:colcon.colcon_core.verb:set package 'small_robot' build argument 'cmake_clean_cache' from command line to 'False'
[0.365s] Level 5:colcon.colcon_core.verb:set package 'small_robot' build argument 'cmake_clean_first' from command line to 'False'
[0.365s] Level 5:colcon.colcon_core.verb:set package 'small_robot' build argument 'cmake_force_configure' from command line to 'False'
[0.365s] Level 5:colcon.colcon_core.verb:set package 'small_robot' build argument 'ament_cmake_args' from command line to 'None'
[0.365s] Level 5:colcon.colcon_core.verb:set package 'small_robot' build argument 'catkin_cmake_args' from command line to 'None'
[0.365s] Level 5:colcon.colcon_core.verb:set package 'small_robot' build argument 'catkin_skip_building_tests' from command line to 'False'
[0.366s] DEBUG:colcon.colcon_core.verb:Building package 'small_robot' with the following arguments: {'ament_cmake_args': None, 'build_base': '/home/skippy/ROV - HiL-and-SiL/ros2_ws/src/build/small_robot', 'catkin_cmake_args': None, 'catkin_skip_building_tests': False, 'cmake_args': None, 'cmake_clean_cache': False, 'cmake_clean_first': False, 'cmake_force_configure': False, 'cmake_target': None, 'cmake_target_skip_unavailable': False, 'install_base': '/home/skippy/ROV - HiL-and-SiL/ros2_ws/src/install/small_robot', 'merge_install': False, 'path': '/home/skippy/ROV - HiL-and-SiL/ros2_ws/src/small_robot', 'symlink_install': False, 'test_result_base': None}
[0.366s] INFO:colcon.colcon_core.executor:Executing jobs using 'parallel' executor
[0.368s] DEBUG:colcon.colcon_parallel_executor.executor.parallel:run_until_complete
[0.368s] INFO:colcon.colcon_ros.task.ament_cmake.build:Building ROS package in '/home/skippy/ROV - HiL-and-SiL/ros2_ws/src/small_robot' with build type 'ament_cmake'
[0.368s] INFO:colcon.colcon_cmake.task.cmake.build:Building CMake package in '/home/skippy/ROV - HiL-and-SiL/ros2_ws/src/small_robot'
[0.372s] INFO:colcon.colcon_core.plugin_system:Skipping extension 'colcon_core.shell.bat': Not used on non-Windows systems
[0.372s] INFO:colcon.colcon_core.shell:Skip shell extension 'powershell' for command environment: Not usable outside of PowerShell
[0.372s] DEBUG:colcon.colcon_core.shell:Skip shell extension 'dsv' for command environment
[0.388s] DEBUG:colcon.colcon_core.event_handler.log_command:Invoking command in '/home/skippy/ROV - HiL-and-SiL/ros2_ws/src/build/small_robot': CMAKE_PREFIX_PATH=${CMAKE_PREFIX_PATH}:/opt/ros/jazzy /usr/bin/cmake /home/skippy/ROV - HiL-and-SiL/ros2_ws/src/small_robot -DCMAKE_INSTALL_PREFIX=/home/skippy/ROV - HiL-and-SiL/ros2_ws/src/install/small_robot
[0.464s] DEBUG:colcon.colcon_core.event_handler.log_command:Invoked command in '/home/skippy/ROV - HiL-and-SiL/ros2_ws/src/build/small_robot' returned '1': CMAKE_PREFIX_PATH=${CMAKE_PREFIX_PATH}:/opt/ros/jazzy /usr/bin/cmake /home/skippy/ROV - HiL-and-SiL/ros2_ws/src/small_robot -DCMAKE_INSTALL_PREFIX=/home/skippy/ROV - HiL-and-SiL/ros2_ws/src/install/small_robot
[0.466s] Level 1:colcon.colcon_core.environment:create_environment_scripts_only(small_robot)
[0.486s] Level 1:colcon.colcon_core.environment:checking '/home/skippy/ROV - HiL-and-SiL/ros2_ws/src/install/small_robot' for CMake module files
[0.487s] Level 1:colcon.colcon_core.environment:checking '/home/skippy/ROV - HiL-and-SiL/ros2_ws/src/install/small_robot' for CMake config files
[0.487s] Level 1:colcon.colcon_core.environment:checking '/home/skippy/ROV - HiL-and-SiL/ros2_ws/src/install/small_robot/bin'
[0.487s] Level 1:colcon.colcon_core.environment:checking '/home/skippy/ROV - HiL-and-SiL/ros2_ws/src/install/small_robot/lib/pkgconfig/small_robot.pc'
[0.487s] Level 1:colcon.colcon_core.environment:checking '/home/skippy/ROV - HiL-and-SiL/ros2_ws/src/install/small_robot/lib/python3.12/site-packages'
[0.488s] Level 1:colcon.colcon_core.environment:checking '/home/skippy/ROV - HiL-and-SiL/ros2_ws/src/install/small_robot/bin'
[0.488s] INFO:colcon.colcon_core.shell:Creating package script '/home/skippy/ROV - HiL-and-SiL/ros2_ws/src/install/small_robot/share/small_robot/package.ps1'
[0.494s] INFO:colcon.colcon_core.shell:Creating package descriptor '/home/skippy/ROV - HiL-and-SiL/ros2_ws/src/install/small_robot/share/small_robot/package.dsv'
[0.496s] INFO:colcon.colcon_core.shell:Creating package script '/home/skippy/ROV - HiL-and-SiL/ros2_ws/src/install/small_robot/share/small_robot/package.sh'
[0.498s] INFO:colcon.colcon_core.shell:Creating package script '/home/skippy/ROV - HiL-and-SiL/ros2_ws/src/install/small_robot/share/small_robot/package.bash'
[0.499s] INFO:colcon.colcon_core.shell:Creating package script '/home/skippy/ROV - HiL-and-SiL/ros2_ws/src/install/small_robot/share/small_robot/package.zsh'
[0.501s] Level 1:colcon.colcon_core.environment:create_file_with_runtime_dependencies(/home/skippy/ROV - HiL-and-SiL/ros2_ws/src/install/small_robot/share/colcon-core/packages/small_robot)
[0.512s] DEBUG:colcon.colcon_parallel_executor.executor.parallel:closing loop
[0.512s] DEBUG:colcon.colcon_parallel_executor.executor.parallel:loop closed
[0.512s] DEBUG:colcon.colcon_parallel_executor.executor.parallel:run_until_complete finished with '1'
[0.513s] DEBUG:colcon.colcon_core.event_reactor:joining thread
[0.514s] DEBUG:colcon.colcon_core.event_reactor:joined thread
[0.515s] INFO:colcon.colcon_core.shell:Creating prefix script '/home/skippy/ROV - HiL-and-SiL/ros2_ws/src/install/local_setup.ps1'
[0.516s] INFO:colcon.colcon_core.shell:Creating prefix util module '/home/skippy/ROV - HiL-and-SiL/ros2_ws/src/install/_local_setup_util_ps1.py'
[0.518s] INFO:colcon.colcon_core.shell:Creating prefix chain script '/home/skippy/ROV - HiL-and-SiL/ros2_ws/src/install/setup.ps1'
[0.519s] INFO:colcon.colcon_core.shell:Creating prefix script '/home/skippy/ROV - HiL-and-SiL/ros2_ws/src/install/local_setup.sh'
[0.520s] INFO:colcon.colcon_core.shell:Creating prefix util module '/home/skippy/ROV - HiL-and-SiL/ros2_ws/src/install/_local_setup_util_sh.py'
[0.521s] INFO:colcon.colcon_core.shell:Creating prefix chain script '/home/skippy/ROV - HiL-and-SiL/ros2_ws/src/install/setup.sh'
[0.524s] INFO:colcon.colcon_core.shell:Creating prefix script '/home/skippy/ROV - HiL-and-SiL/ros2_ws/src/install/local_setup.bash'
[0.525s] INFO:colcon.colcon_core.shell:Creating prefix chain script '/home/skippy/ROV - HiL-and-SiL/ros2_ws/src/install/setup.bash'
[0.527s] INFO:colcon.colcon_core.shell:Creating prefix script '/home/skippy/ROV - HiL-and-SiL/ros2_ws/src/install/local_setup.zsh'
[0.527s] INFO:colcon.colcon_core.shell:Creating prefix chain script '/home/skippy/ROV - HiL-and-SiL/ros2_ws/src/install/setup.zsh'
